
 ⛅️ wrangler 4.141.0
────────────────────
Your Worker has access to the following bindings:
Binding                        Resource            Mode
env.ROOM (RoomDO)              Durable Object      local
env.GOBANG (GobangRoomDO)      Durable Object      local
env.ASSETS                     Assets              local

⎔ Starting local server...
[wrangler:info] Ready on http://localhost:8787
[wrangler:info] GET / 200 OK (52ms)
[wrangler:info] GET /gobang 307 Temporary Redirect (14ms)
[wrangler:info] GET /gobang/ 200 OK (7ms)
[wrangler:info] GET /gobang/gobang.js 200 OK (12ms)
[wrangler:info] GET /gobang 307 Temporary Redirect (18ms)
[wrangler:info] GET /gobang/ 200 OK (8ms)
[wrangler:info] GET /gobang/gobang.js 304 Not Modified (27ms)
[wrangler:info] GET /gobang 307 Temporary Redirect (17ms)
[wrangler:info] GET /gobang/ 200 OK (7ms)
[wrangler:info] GET /gobang/gobang.js 200 OK (27ms)
[wrangler:info] GET /gobang/ 304 Not Modified (17ms)
[wrangler:info] GET /gobang/gobang.js 304 Not Modified (18ms)
[wrangler:info] GET /gobang/ 304 Not Modified (20ms)
[wrangler:info] GET /gobang/gobang.js 304 Not Modified (31ms)
[wrangler:info] GET /gobang 307 Temporary Redirect (17ms)
[wrangler:info] GET /gobang/ 200 OK (7ms)
[wrangler:info] GET /gobang/gobang.js 304 Not Modified (26ms)
[wrangler:info] GET /ws/gobang/gte2 101 Switching Protocols (24ms)
[wrangler:info] GET /gobang 307 Temporary Redirect (25ms)
[wrangler:info] GET /gobang/ 200 OK (8ms)
[wrangler:info] GET /gobang/gobang.js 304 Not Modified (25ms)
[wrangler:info] GET /ws/gobang/gte2 101 Switching Protocols (23ms)
[wrangler:info] GET /gobang/ 304 Not Modified (28ms)
[wrangler:info] GET /gobang/gobang.js 304 Not Modified (52ms)
[wrangler:info] GET /ws/gobang/gte2 101 Switching Protocols (15ms)
⎔ Reloading local server...
⎔ Local server updated and ready
[wrangler:info] GET /ws/gobang/gte2 101 Switching Protocols (29ms)
[wrangler:info] GET /ws/gobang/gte2 101 Switching Protocols (28ms)
⎔ Reloading local server...
⎔ Local server updated and ready
[wrangler:info] GET /ws/gobang/gte2 101 Switching Protocols (33ms)
[wrangler:info] GET /ws/gobang/gte2 101 Switching Protocols (35ms)
⎔ Reloading local server...
⎔ Local server updated and ready
[wrangler:info] GET /ws/gobang/gte2 101 Switching Protocols (30ms)
[wrangler:info] GET /ws/gobang/gte2 101 Switching Protocols (27ms)
⎔ Reloading local server...
⎔ Local server updated and ready
[wrangler:info] GET /ws/gobang/gte2 101 Switching Protocols (25ms)
[wrangler:info] GET /ws/gobang/gte2 101 Switching Protocols (28ms)
[wrangler:info] GET /gobang/ 304 Not Modified (17ms)
[wrangler:info] GET /gobang/gobang.js 200 OK (37ms)
[wrangler:info] GET /ws/gobang/gte2 101 Switching Protocols (14ms)
[wrangler:info] GET / 200 OK (6ms)
[wrangler:info] GET /api/new-room 200 OK (16ms)
[wrangler:info] GET /ws/fxq/fc92 101 Switching Protocols (5ms)
[wrangler:info] GET /ws/fxq/fc92 101 Switching Protocols (32ms)
